// Jest Snapshot v1, https://goo.gl/fbAQLP

exports[`it render ProductCard 1`] = `
<div
  className="productCard undefined"
>
  <span
    className="productDescription undefined"
  >
    Coffee Mug
  </span>
</div>
`;
